TEST 1 BEGIN
$ echo triangle_1.txt | python3 triangle.py
Which data file do you want to use? triangle_1.txt
Traceback (most recent call last):
  File "triangle.py", line 81, in <module>
    final_result=result(New_list,aim_list)
  File "triangle.py", line 58, in result
    num_str = aim_list[0]
IndexError: list index out of range
TEST 1 END

TEST 2 BEGIN
$ echo triangle_2.txt | python3 triangle.py
Which data file do you want to use? triangle_2.txt
The largest sum is: 27
The number of paths yielding this sum is: 2
The leftmost path yielding this sum is: [8, 3, 5, 8, 3]
TEST 2 END

TEST 3 BEGIN
$ echo triangle_3.txt | python3 triangle.py
Which data file do you want to use? triangle_3.txt
The largest sum is: 64
The number of paths yielding this sum is: 1
The leftmost path yielding this sum is: [18, 8, 2, 6, 8, 4, 9, 5, 4]
TEST 3 END

TEST 4 BEGIN
$ echo triangle_4.txt | python3 triangle.py
Which data file do you want to use? triangle_4.txt
The largest sum is: 162
The number of paths yielding this sum is: 1
The leftmost path yielding this sum is: [48, 4, 8, 9, 5, 7, 5, 7, 4, 7, 8, 2, 9, 7, 2, 7, 5, 9, 9]
TEST 4 END

TEST 5 BEGIN
$ echo triangle_5.txt | python3 triangle.py
Which data file do you want to use? triangle_5.txt
The largest sum is: 392
The number of paths yielding this sum is: 6
The leftmost path yielding this sum is: [88, 1, 9, 4, 7, 1, 9, 1, 8, 9, 6, 8, 9, 5, 7, 6, 6, 5, 8, 5, 5, 9, 8, 9, 7, 8, 7, 5, 6, 8, 1, 9, 6, 4, 7, 3, 7, 9, 6, 8, 8, 7, 9, 9, 9, 1, 3, 9, 3]
TEST 5 END

TEST 6 BEGIN
$ echo triangle_6.txt | python3 triangle.py
Which data file do you want to use? triangle_6.txt
The largest sum is: 801
The number of paths yielding this sum is: 2
The leftmost path yielding this sum is: [158, 7, 6, 1, 9, 4, 8, 8, 3, 9, 7, 8, 9, 5, 8, 9, 3, 9, 0, 7, 3, 9, 7, 6, 5, 5, 1, 7, 5, 7, 1, 8, 6, 7, 5, 9, 7, 7, 7, 2, 8, 7, 9, 2, 8, 3, 7, 7, 6, 6, 9, 9, 9, 8, 9, 6, 3, 7, 3, 9, 8, 9, 9, 8, 8, 9, 7, 8, 1, 6, 9, 8, 6, 8, 7, 9, 4, 6, 8, 1, 8, 5, 9, 6, 7, 8, 8, 4, 8, 9, 8, 8, 9, 6, 9, 1, 5, 8, 9]
TEST 6 END

TEST 7 BEGIN
$ echo triangle_7.txt | python3 triangle.py
Which data file do you want to use? triangle_7.txt
The largest sum is: 88
The number of paths yielding this sum is: 11943936
The leftmost path yielding this sum is: [1, 0, 1, 1, 1, 1, 1, 1, 1, 1, 1, 1, 1, 0, 1, 1, 1, 1, 1, 1, 1, 1, 1, 1, 1, 0, 1, 1, 1, 1, 1, 1, 1, 1, 1, 1, 0, 0, 1, 1, 1, 1, 1, 1, 1, 1, 1, 0, 1, 1, 1, 1, 1, 1, 0, 0, 1, 1, 1, 1, 0, 1, 1, 1, 1, 1, 1, 1, 1, 1, 1, 1, 1, 1, 1, 1, 0, 1, 1, 1, 1, 1, 1, 0, 1, 1, 1, 1, 1, 1, 1, 1, 1, 1, 1, 1, 1, 1, 1]
TEST 7 END

TEST 8 BEGIN
$ echo triangle_8.txt | python3 triangle.py
Which data file do you want to use? triangle_8.txt
The largest sum is: 5407
The number of paths yielding this sum is: 4586471424
The leftmost path yielding this sum is: [135, 3, 7, 6, 9, 9, 9, 5, 3, 4, 4, 1, 7, 8, 4, 7, 5, 7, 1, 6, 7, 6, 4, 2, 9, 8, 7, 8, 6, 3, 9, 3, 8, 9, 6, 9, 4, 9, 6, 6, 8, 9, 8, 3, 6, 3, 8, 3, 4, 8, 7, 9, 8, 8, 9, 7, 2, 9, 4, 6, 6, 6, 4, 9, 5, 9, 5, 5, 2, 3, 9, 3, 9, 7, 7, 7, 9, 4, 5, 9, 9, 9, 7, 6, 5, 4, 8, 4, 9, 7, 2, 3, 6, 9, 6, 2, 6, 9, 4, 6, 9, 6, 7, 8, 4, 8, 6, 5, 9, 9, 6, 9, 7, 9, 6, 5, 9, 8, 9, 7, 9, 6, 6, 4, 9, 7, 8, 4, 7, 4, 8, 5, 6, 8, 9, 7, 1, 7, 6, 5, 9, 1, 9, 5, 8, 9, 9, 8, 3, 7, 7, 9, 8, 6, 6, 8, 7, 7, 5, 7, 8, 2, 9, 6, 9, 9, 9, 4, 8, 9, 7, 2, 9, 5, 6, 9, 5, 8, 9, 5, 5, 9, 4, 8, 8, 9, 5, 6, 8, 8, 5, 6, 6, 7, 4, 8, 2, 8, 5, 7, 8, 8, 5, 5, 5, 9, 5, 8, 3, 9, 5, 6, 9, 8, 1, 7, 9, 5, 9, 5, 8, 7, 5, 9, 4, 7, 6, 6, 5, 7, 9, 9, 9, 9, 7, 9, 7, 2, 9, 5, 8, 4, 6, 8, 7, 6, 8, 8, 4, 5, 5, 4, 9, 9, 8, 6, 6, 9, 3, 8, 5, 3, 9, 9, 6, 6, 6, 6, 6, 9, 6, 7, 9, 9, 4, 7, 6, 6, 4, 9, 4, 7, 2, 6, 8, 7, 9, 1, 7, 7, 6, 3, 6, 6, 9, 9, 7, 7, 5, 4, 8, 7, 9, 8, 8, 8, 6, 5, 9, 4, 8, 7, 9, 3, 6, 8, 9, 3, 8, 7, 7, 3, 8, 9, 6, 8, 9, 9, 7, 9, 3, 6, 7, 9, 5, 4, 7, 8, 5, 9, 6, 9, 6, 9, 9, 7, 7, 4, 6, 8, 4, 7, 8, 7, 7, 5, 6, 4, 9, 4, 4, 9, 7, 7, 5, 9, 6, 9, 7, 6, 5, 9, 4, 6, 1, 6, 8, 9, 9, 3, 9, 7, 4, 6, 9, 9, 9, 7, 7, 9, 7, 4, 7, 3, 7, 7, 9, 9, 7, 6, 9, 6, 9, 7, 5, 7, 4, 9, 8, 4, 7, 6, 5, 1, 7, 7, 9, 7, 7, 4, 6, 7, 4, 9, 7, 6, 3, 3, 5, 6, 9, 7, 9, 9, 9, 8, 1, 7, 9, 5, 8, 2, 8, 5, 9, 7, 8, 7, 8, 9, 9, 5, 8, 5, 6, 4, 9, 6, 7, 9, 5, 7, 9, 9, 9, 8, 5, 6, 5, 3, 5, 7, 7, 3, 7, 9, 7, 5, 7, 9, 6, 2, 7, 7, 9, 6, 7, 8, 8, 7, 8, 9, 5, 9, 7, 9, 7, 5, 7, 5, 9, 5, 8, 8, 9, 4, 4, 8, 5, 6, 4, 4, 7, 7, 9, 9, 4, 9, 9, 2, 9, 2, 8, 4, 9, 6, 5, 8, 7, 9, 7, 6, 9, 5, 9, 7, 8, 6, 8, 0, 6, 6, 9, 9, 5, 6, 7, 6, 7, 7, 8, 9, 4, 5, 9, 6, 7, 9, 7, 7, 7, 7, 7, 6, 9, 6, 8, 4, 9, 2, 9, 3, 9, 3, 9, 6, 9, 7, 7, 7, 5, 2, 5, 6, 9, 7, 3, 9, 4, 3, 8, 4, 9, 8, 6, 9, 9, 9, 6, 3, 6, 7, 4, 3, 9, 5, 5, 8, 9, 9, 4, 6, 2, 5, 7, 9, 9, 3, 8, 3, 9, 9, 5, 8, 3, 7, 6, 9, 8, 8, 8, 8, 9, 6, 5, 7, 6, 6, 8, 6, 9, 9, 8, 9, 8, 5, 6, 8, 4, 6, 4, 9, 7, 7, 7, 7, 7, 8, 9, 5, 6, 7, 6, 4, 7, 2, 6, 9, 6, 7, 8, 9, 8, 9, 8, 7, 6, 9, 6, 9, 8, 1, 7, 7, 3, 9, 8, 8, 8, 7, 8, 4, 7, 8, 8, 7, 8, 7, 3, 9, 7, 9, 7, 9, 9, 8, 1, 5, 6, 2, 9, 7, 0, 3, 9, 5, 8, 5, 6, 7, 7, 4, 7, 8, 9, 8, 5, 9, 6, 4, 4, 8, 6, 4, 5, 8, 9, 8, 3, 7, 7, 9, 9, 9, 6, 8, 7, 1, 7, 7, 7, 9, 1, 9, 6, 9, 9, 3, 5, 8, 9, 7, 9, 8, 4, 6, 1, 6, 9, 5, 7, 8, 3, 5, 6, 7, 7, 6, 9, 6, 5, 9, 8, 7, 9, 4, 3, 9, 7, 9, 9, 8, 7, 7, 9, 7, 9, 4, 9]
TEST 8 END

TEST 9 BEGIN
$ echo triangle_9.txt | python3 triangle.py
Which data file do you want to use? triangle_9.txt
The largest sum is: 2575
The number of paths yielding this sum is: 781129653493432320
The leftmost path yielding this sum is: [2, 1, 3, 3, 2, 2, 4, 3, 3, 1, 4, 3, 4, 3, 4, 4, 3, 4, 4, 4, 4, 4, 1, 4, 4, 4, 4, 4, 4, 2, 2, 3, 2, 4, 2, 4, 3, 1, 4, 3, 2, 2, 3, 2, 4, 4, 3, 4, 2, 4, 2, 2, 4, 4, 0, 4, 4, 3, 2, 2, 4, 4, 4, 4, 4, 3, 3, 2, 4, 4, 3, 4, 4, 4, 4, 3, 4, 4, 2, 4, 4, 4, 4, 3, 3, 4, 3, 4, 4, 3, 2, 1, 3, 0, 4, 3, 4, 2, 3, 4, 4, 2, 4, 1, 4, 4, 3, 4, 4, 2, 1, 4, 4, 2, 4, 3, 3, 2, 4, 3, 2, 3, 4, 2, 4, 4, 4, 4, 4, 2, 4, 4, 4, 4, 4, 2, 1, 3, 4, 4, 4, 4, 2, 3, 3, 4, 3, 4, 4, 3, 4, 2, 4, 2, 2, 4, 4, 4, 3, 4, 4, 4, 3, 4, 4, 1, 2, 3, 4, 4, 4, 1, 4, 4, 4, 4, 3, 1, 4, 4, 4, 0, 4, 4, 4, 2, 4, 4, 4, 2, 4, 3, 3, 3, 4, 4, 3, 3, 4, 4, 3, 4, 4, 3, 1, 4, 4, 3, 4, 4, 3, 4, 4, 3, 2, 4, 4, 4, 4, 4, 4, 2, 2, 3, 2, 4, 1, 4, 3, 4, 3, 4, 4, 4, 4, 2, 3, 4, 3, 4, 4, 2, 2, 2, 4, 1, 4, 3, 4, 2, 2, 4, 4, 3, 4, 4, 2, 3, 3, 3, 3, 3, 1, 2, 4, 4, 2, 4, 3, 4, 1, 4, 4, 4, 4, 2, 3, 4, 1, 4, 4, 3, 1, 4, 1, 4, 2, 2, 4, 4, 4, 4, 4, 3, 1, 3, 3, 3, 4, 4, 4, 4, 2, 2, 3, 2, 4, 4, 2, 4, 4, 4, 3, 3, 4, 4, 4, 3, 3, 3, 1, 3, 4, 4, 3, 4, 4, 3, 3, 4, 3, 4, 4, 4, 4, 4, 4, 3, 4, 2, 4, 4, 3, 2, 3, 3, 4, 4, 1, 4, 3, 0, 4, 4, 4, 3, 4, 2, 3, 4, 3, 3, 4, 3, 1, 2, 4, 4, 4, 3, 4, 3, 1, 1, 2, 4, 4, 4, 1, 4, 4, 4, 3, 3, 3, 4, 3, 3, 3, 4, 4, 1, 4, 4, 4, 4, 4, 2, 3, 4, 4, 3, 3, 2, 3, 4, 3, 4, 4, 0, 2, 3, 3, 2, 4, 3, 4, 4, 3, 3, 4, 4, 4, 4, 3, 3, 3, 4, 3, 4, 4, 1, 4, 4, 3, 3, 3, 4, 4, 2, 3, 4, 4, 2, 3, 0, 4, 4, 4, 4, 3, 2, 3, 4, 4, 4, 1, 4, 4, 4, 4, 3, 4, 4, 3, 4, 3, 4, 4, 3, 1, 4, 2, 4, 4, 2, 4, 3, 4, 3, 4, 4, 4, 4, 2, 3, 4, 4, 4, 2, 4, 3, 3, 4, 4, 1, 4, 3, 4, 2, 3, 4, 3, 3, 3, 2, 3, 4, 2, 3, 2, 4, 4, 4, 4, 3, 3, 4, 3, 2, 4, 1, 4, 3, 3, 4, 1, 2, 3, 2, 4, 1, 2, 4, 3, 4, 4, 4, 4, 4, 3, 1, 3, 4, 4, 4, 0, 2, 4, 4, 4, 4, 4, 4, 4, 4, 3, 3, 2, 2, 3, 3, 3, 2, 4, 4, 4, 3, 3, 4, 1, 2, 3, 3, 3, 4, 4, 1, 2, 4, 4, 2, 4, 2, 3, 4, 4, 4, 4, 4, 2, 4, 4, 4, 4, 3, 2, 3, 3, 4, 3, 3, 4, 2, 4, 2, 1, 4, 4, 1, 4, 2, 3, 3, 4, 3, 3, 3, 4, 3, 3, 4, 3, 4, 4, 3, 4, 4, 4, 2, 4, 4, 4, 1, 4, 4, 4, 0, 3, 4, 4, 3, 4, 4, 4, 4, 4, 4, 2, 4, 4, 4, 0, 2, 3, 3, 3, 4, 4, 4, 3, 4, 3, 4, 2, 4, 4, 4, 1, 4, 2, 4, 3, 4, 4, 3, 4, 1, 2, 4, 3, 4, 4, 1, 4, 4, 3, 3, 2, 4, 2, 4, 4, 3, 3, 3, 3, 4, 4, 3, 4, 3, 2, 2, 4, 3, 4, 4, 3, 4, 3, 3, 4, 4, 4, 1, 3, 4, 4, 4, 3, 4, 4, 2, 2, 4, 3, 2, 4, 3, 3, 3, 3, 2, 4, 4, 2, 2, 3, 4, 2, 4, 4, 4, 3, 4, 4, 1, 3, 4, 3, 3, 3, 2, 4, 4, 4, 4, 4, 4, 2, 4, 4, 3, 4, 4, 4, 3, 2, 3, 4, 3, 4, 3, 2, 4, 4, 3, 4, 3, 3, 4, 4, 3, 4, 1, 4, 2, 4, 2, 4, 4, 2, 4, 4, 0, 3, 3, 4]
TEST 9 END

