TEST 1 BEGIN
$ echo partial_order_1.txt | python3 nonredundant.py
Which data file do you want to use? partial_order_1.txt
The nonredundant facts are:
R(1,2)
TEST 1 END

TEST 2 BEGIN
$ echo partial_order_2.txt | python3 nonredundant.py
Which data file do you want to use? partial_order_2.txt
The nonredundant facts are:
R(1,2)
R(2,3)
TEST 2 END

TEST 3 BEGIN
$ echo partial_order_3.txt | python3 nonredundant.py
Which data file do you want to use? partial_order_3.txt
The nonredundant facts are:
R(4,5)
R(1,2)
R(6,7)
R(2,4)
R(5,6)
TEST 3 END

TEST 4 BEGIN
$ echo partial_order_4.txt | python3 nonredundant.py
Which data file do you want to use? partial_order_4.txt
The nonredundant facts are:
R(0,1)
R(1,4)
R(4,6)
TEST 4 END

TEST 5 BEGIN
$ echo partial_order_5.txt | python3 nonredundant.py
Which data file do you want to use? partial_order_5.txt
The nonredundant facts are:
R(8,9)
R(4,9)
R(3,4)
R(0,3)
TEST 5 END

TEST 6 BEGIN
$ echo partial_order_6.txt | python3 nonredundant.py
Which data file do you want to use? partial_order_6.txt
Traceback (most recent call last):
  File "nonredundant.py", line 53, in <module>
    aim1_list.append((int(each_line[2]),int(each_line[4])))
ValueError: invalid literal for int() with base 10: ','
TEST 6 END

TEST 7 BEGIN
$ echo partial_order_7.txt | python3 nonredundant.py
Which data file do you want to use? partial_order_7.txt
Traceback (most recent call last):
  File "nonredundant.py", line 53, in <module>
    aim1_list.append((int(each_line[2]),int(each_line[4])))
ValueError: invalid literal for int() with base 10: ','
TEST 7 END

TEST 8 BEGIN
$ echo partial_order_8.txt | python3 nonredundant.py
Which data file do you want to use? partial_order_8.txt
Traceback (most recent call last):
  File "nonredundant.py", line 53, in <module>
    aim1_list.append((int(each_line[2]),int(each_line[4])))
ValueError: invalid literal for int() with base 10: ','
TEST 8 END

TEST 9 BEGIN
$ echo partial_order_9.txt | python3 nonredundant.py
Which data file do you want to use? partial_order_9.txt
Traceback (most recent call last):
  File "nonredundant.py", line 53, in <module>
    aim1_list.append((int(each_line[2]),int(each_line[4])))
ValueError: invalid literal for int() with base 10: ','
TEST 9 END

TEST 10 BEGIN
$ echo partial_order_10.txt | python3 nonredundant.py
Which data file do you want to use? partial_order_10.txt
Traceback (most recent call last):
  File "nonredundant.py", line 53, in <module>
    aim1_list.append((int(each_line[2]),int(each_line[4])))
ValueError: invalid literal for int() with base 10: ','
TEST 10 END

TEST 11 BEGIN
$ echo partial_order_11.txt | python3 nonredundant.py
Which data file do you want to use? partial_order_11.txt
Traceback (most recent call last):
  File "nonredundant.py", line 53, in <module>
    aim1_list.append((int(each_line[2]),int(each_line[4])))
ValueError: invalid literal for int() with base 10: ','
TEST 11 END

TEST 12 BEGIN
$ echo partial_order_12.txt | python3 nonredundant.py
Which data file do you want to use? partial_order_12.txt
Traceback (most recent call last):
  File "nonredundant.py", line 53, in <module>
    aim1_list.append((int(each_line[2]),int(each_line[4])))
ValueError: invalid literal for int() with base 10: ','
TEST 12 END

TEST 13 BEGIN
$ echo partial_order_13.txt | python3 nonredundant.py
Which data file do you want to use? partial_order_13.txt
Traceback (most recent call last):
  File "nonredundant.py", line 53, in <module>
    aim1_list.append((int(each_line[2]),int(each_line[4])))
ValueError: invalid literal for int() with base 10: ','
TEST 13 END

TEST 14 BEGIN
$ echo partial_order_14.txt | python3 nonredundant.py
Which data file do you want to use? partial_order_14.txt
Traceback (most recent call last):
  File "nonredundant.py", line 53, in <module>
    aim1_list.append((int(each_line[2]),int(each_line[4])))
ValueError: invalid literal for int() with base 10: ','
TEST 14 END

