TEST 1 BEGIN
$ echo coast_1.txt | python3 fish.py
Which data file do you want to use? coast_1.txt
The maximum quantity of fish that each town can have is 100.
TEST 1 END

TEST 2 BEGIN
$ echo coast_2.txt | python3 fish.py
Which data file do you want to use? coast_2.txt
The maximum quantity of fish that each town can have is 100.
TEST 2 END

TEST 3 BEGIN
$ echo coast_3.txt | python3 fish.py
Which data file do you want to use? coast_3.txt
Traceback (most recent call last):
  File "fish.py", line 64, in <module>
    max_quanti = result(aim_list,first_num,min_num,max_each)
  File "fish.py", line 62, in result
    return result(aim_new_list,round((first_num+min_num1)/2),min_num1,max_each1)
  File "fish.py", line 62, in result
    return result(aim_new_list,round((first_num+min_num1)/2),min_num1,max_each1)
  File "fish.py", line 62, in result
    return result(aim_new_list,round((first_num+min_num1)/2),min_num1,max_each1)
  [Previous line repeated 989 more times]
  File "fish.py", line 37, in result
    aim_new_list = deepcopy(aim_list)
  File "/Library/Frameworks/Python.framework/Versions/3.6/lib/python3.6/copy.py", line 150, in deepcopy
    y = copier(x, memo)
  File "/Library/Frameworks/Python.framework/Versions/3.6/lib/python3.6/copy.py", line 215, in _deepcopy_list
    append(deepcopy(a, memo))
  File "/Library/Frameworks/Python.framework/Versions/3.6/lib/python3.6/copy.py", line 150, in deepcopy
    y = copier(x, memo)
  File "/Library/Frameworks/Python.framework/Versions/3.6/lib/python3.6/copy.py", line 215, in _deepcopy_list
    append(deepcopy(a, memo))
  File "/Library/Frameworks/Python.framework/Versions/3.6/lib/python3.6/copy.py", line 146, in deepcopy
    cls = type(x)
RecursionError: maximum recursion depth exceeded while calling a Python object
TEST 3 END

TEST 4 BEGIN
$ echo coast_4.txt | python3 fish.py
Which data file do you want to use? coast_4.txt
Traceback (most recent call last):
  File "fish.py", line 64, in <module>
    max_quanti = result(aim_list,first_num,min_num,max_each)
  File "fish.py", line 59, in result
    return result(aim_new_list,round((first_num+max_each1)/2),min_num1,max_each1)
  File "fish.py", line 62, in result
    return result(aim_new_list,round((first_num+min_num1)/2),min_num1,max_each1)
  File "fish.py", line 62, in result
    return result(aim_new_list,round((first_num+min_num1)/2),min_num1,max_each1)
  File "fish.py", line 59, in result
    return result(aim_new_list,round((first_num+max_each1)/2),min_num1,max_each1)
  File "fish.py", line 62, in result
    return result(aim_new_list,round((first_num+min_num1)/2),min_num1,max_each1)
  File "fish.py", line 62, in result
    return result(aim_new_list,round((first_num+min_num1)/2),min_num1,max_each1)
  File "fish.py", line 59, in result
    return result(aim_new_list,round((first_num+max_each1)/2),min_num1,max_each1)
  File "fish.py", line 59, in result
    return result(aim_new_list,round((first_num+max_each1)/2),min_num1,max_each1)
  File "fish.py", line 59, in result
    return result(aim_new_list,round((first_num+max_each1)/2),min_num1,max_each1)
  [Previous line repeated 983 more times]
  File "fish.py", line 37, in result
    aim_new_list = deepcopy(aim_list)
  File "/Library/Frameworks/Python.framework/Versions/3.6/lib/python3.6/copy.py", line 150, in deepcopy
    y = copier(x, memo)
  File "/Library/Frameworks/Python.framework/Versions/3.6/lib/python3.6/copy.py", line 215, in _deepcopy_list
    append(deepcopy(a, memo))
  File "/Library/Frameworks/Python.framework/Versions/3.6/lib/python3.6/copy.py", line 150, in deepcopy
    y = copier(x, memo)
  File "/Library/Frameworks/Python.framework/Versions/3.6/lib/python3.6/copy.py", line 215, in _deepcopy_list
    append(deepcopy(a, memo))
  File "/Library/Frameworks/Python.framework/Versions/3.6/lib/python3.6/copy.py", line 146, in deepcopy
    cls = type(x)
RecursionError: maximum recursion depth exceeded while calling a Python object
TEST 4 END

TEST 5 BEGIN
$ echo coast_5.txt | python3 fish.py
Which data file do you want to use? coast_5.txt
Traceback (most recent call last):
  File "fish.py", line 64, in <module>
    max_quanti = result(aim_list,first_num,min_num,max_each)
  File "fish.py", line 59, in result
    return result(aim_new_list,round((first_num+max_each1)/2),min_num1,max_each1)
  File "fish.py", line 59, in result
    return result(aim_new_list,round((first_num+max_each1)/2),min_num1,max_each1)
  File "fish.py", line 62, in result
    return result(aim_new_list,round((first_num+min_num1)/2),min_num1,max_each1)
  File "fish.py", line 59, in result
    return result(aim_new_list,round((first_num+max_each1)/2),min_num1,max_each1)
  File "fish.py", line 59, in result
    return result(aim_new_list,round((first_num+max_each1)/2),min_num1,max_each1)
  File "fish.py", line 62, in result
    return result(aim_new_list,round((first_num+min_num1)/2),min_num1,max_each1)
  File "fish.py", line 62, in result
    return result(aim_new_list,round((first_num+min_num1)/2),min_num1,max_each1)
  File "fish.py", line 62, in result
    return result(aim_new_list,round((first_num+min_num1)/2),min_num1,max_each1)
  [Previous line repeated 984 more times]
  File "fish.py", line 37, in result
    aim_new_list = deepcopy(aim_list)
  File "/Library/Frameworks/Python.framework/Versions/3.6/lib/python3.6/copy.py", line 150, in deepcopy
    y = copier(x, memo)
  File "/Library/Frameworks/Python.framework/Versions/3.6/lib/python3.6/copy.py", line 215, in _deepcopy_list
    append(deepcopy(a, memo))
  File "/Library/Frameworks/Python.framework/Versions/3.6/lib/python3.6/copy.py", line 150, in deepcopy
    y = copier(x, memo)
  File "/Library/Frameworks/Python.framework/Versions/3.6/lib/python3.6/copy.py", line 215, in _deepcopy_list
    append(deepcopy(a, memo))
  File "/Library/Frameworks/Python.framework/Versions/3.6/lib/python3.6/copy.py", line 146, in deepcopy
    cls = type(x)
RecursionError: maximum recursion depth exceeded while calling a Python object
TEST 5 END

TEST 6 BEGIN
$ echo coast_6.txt | python3 fish.py
Which data file do you want to use? coast_6.txt
Traceback (most recent call last):
  File "fish.py", line 64, in <module>
    max_quanti = result(aim_list,first_num,min_num,max_each)
  File "fish.py", line 59, in result
    return result(aim_new_list,round((first_num+max_each1)/2),min_num1,max_each1)
  File "fish.py", line 59, in result
    return result(aim_new_list,round((first_num+max_each1)/2),min_num1,max_each1)
  File "fish.py", line 59, in result
    return result(aim_new_list,round((first_num+max_each1)/2),min_num1,max_each1)
  File "fish.py", line 62, in result
    return result(aim_new_list,round((first_num+min_num1)/2),min_num1,max_each1)
  File "fish.py", line 62, in result
    return result(aim_new_list,round((first_num+min_num1)/2),min_num1,max_each1)
  File "fish.py", line 62, in result
    return result(aim_new_list,round((first_num+min_num1)/2),min_num1,max_each1)
  File "fish.py", line 59, in result
    return result(aim_new_list,round((first_num+max_each1)/2),min_num1,max_each1)
  File "fish.py", line 59, in result
    return result(aim_new_list,round((first_num+max_each1)/2),min_num1,max_each1)
  File "fish.py", line 59, in result
    return result(aim_new_list,round((first_num+max_each1)/2),min_num1,max_each1)
  [Previous line repeated 983 more times]
  File "fish.py", line 37, in result
    aim_new_list = deepcopy(aim_list)
  File "/Library/Frameworks/Python.framework/Versions/3.6/lib/python3.6/copy.py", line 150, in deepcopy
    y = copier(x, memo)
  File "/Library/Frameworks/Python.framework/Versions/3.6/lib/python3.6/copy.py", line 215, in _deepcopy_list
    append(deepcopy(a, memo))
  File "/Library/Frameworks/Python.framework/Versions/3.6/lib/python3.6/copy.py", line 150, in deepcopy
    y = copier(x, memo)
  File "/Library/Frameworks/Python.framework/Versions/3.6/lib/python3.6/copy.py", line 215, in _deepcopy_list
    append(deepcopy(a, memo))
  File "/Library/Frameworks/Python.framework/Versions/3.6/lib/python3.6/copy.py", line 146, in deepcopy
    cls = type(x)
RecursionError: maximum recursion depth exceeded while calling a Python object
TEST 6 END

TEST 7 BEGIN
$ echo coast_7.txt | python3 fish.py
Which data file do you want to use? coast_7.txt
Traceback (most recent call last):
  File "fish.py", line 64, in <module>
    max_quanti = result(aim_list,first_num,min_num,max_each)
  File "fish.py", line 59, in result
    return result(aim_new_list,round((first_num+max_each1)/2),min_num1,max_each1)
  File "fish.py", line 59, in result
    return result(aim_new_list,round((first_num+max_each1)/2),min_num1,max_each1)
  File "fish.py", line 59, in result
    return result(aim_new_list,round((first_num+max_each1)/2),min_num1,max_each1)
  [Previous line repeated 2 more times]
  File "fish.py", line 62, in result
    return result(aim_new_list,round((first_num+min_num1)/2),min_num1,max_each1)
  File "fish.py", line 62, in result
    return result(aim_new_list,round((first_num+min_num1)/2),min_num1,max_each1)
  File "fish.py", line 62, in result
    return result(aim_new_list,round((first_num+min_num1)/2),min_num1,max_each1)
  [Previous line repeated 983 more times]
  File "fish.py", line 37, in result
    aim_new_list = deepcopy(aim_list)
  File "/Library/Frameworks/Python.framework/Versions/3.6/lib/python3.6/copy.py", line 150, in deepcopy
    y = copier(x, memo)
  File "/Library/Frameworks/Python.framework/Versions/3.6/lib/python3.6/copy.py", line 215, in _deepcopy_list
    append(deepcopy(a, memo))
  File "/Library/Frameworks/Python.framework/Versions/3.6/lib/python3.6/copy.py", line 150, in deepcopy
    y = copier(x, memo)
  File "/Library/Frameworks/Python.framework/Versions/3.6/lib/python3.6/copy.py", line 215, in _deepcopy_list
    append(deepcopy(a, memo))
  File "/Library/Frameworks/Python.framework/Versions/3.6/lib/python3.6/copy.py", line 146, in deepcopy
    cls = type(x)
RecursionError: maximum recursion depth exceeded while calling a Python object
TEST 7 END

TEST 8 BEGIN
$ echo coast_8.txt | python3 fish.py
Which data file do you want to use? coast_8.txt
Traceback (most recent call last):
  File "fish.py", line 64, in <module>
    max_quanti = result(aim_list,first_num,min_num,max_each)
  File "fish.py", line 62, in result
    return result(aim_new_list,round((first_num+min_num1)/2),min_num1,max_each1)
  File "fish.py", line 62, in result
    return result(aim_new_list,round((first_num+min_num1)/2),min_num1,max_each1)
  File "fish.py", line 59, in result
    return result(aim_new_list,round((first_num+max_each1)/2),min_num1,max_each1)
  File "fish.py", line 59, in result
    return result(aim_new_list,round((first_num+max_each1)/2),min_num1,max_each1)
  File "fish.py", line 62, in result
    return result(aim_new_list,round((first_num+min_num1)/2),min_num1,max_each1)
  File "fish.py", line 62, in result
    return result(aim_new_list,round((first_num+min_num1)/2),min_num1,max_each1)
  File "fish.py", line 62, in result
    return result(aim_new_list,round((first_num+min_num1)/2),min_num1,max_each1)
  [Previous line repeated 985 more times]
  File "fish.py", line 37, in result
    aim_new_list = deepcopy(aim_list)
  File "/Library/Frameworks/Python.framework/Versions/3.6/lib/python3.6/copy.py", line 150, in deepcopy
    y = copier(x, memo)
  File "/Library/Frameworks/Python.framework/Versions/3.6/lib/python3.6/copy.py", line 215, in _deepcopy_list
    append(deepcopy(a, memo))
  File "/Library/Frameworks/Python.framework/Versions/3.6/lib/python3.6/copy.py", line 150, in deepcopy
    y = copier(x, memo)
  File "/Library/Frameworks/Python.framework/Versions/3.6/lib/python3.6/copy.py", line 215, in _deepcopy_list
    append(deepcopy(a, memo))
  File "/Library/Frameworks/Python.framework/Versions/3.6/lib/python3.6/copy.py", line 146, in deepcopy
    cls = type(x)
RecursionError: maximum recursion depth exceeded while calling a Python object
TEST 8 END

TEST 9 BEGIN
$ echo coast_9.txt | python3 fish.py
Which data file do you want to use? coast_9.txt
Traceback (most recent call last):
  File "fish.py", line 64, in <module>
    max_quanti = result(aim_list,first_num,min_num,max_each)
  File "fish.py", line 59, in result
    return result(aim_new_list,round((first_num+max_each1)/2),min_num1,max_each1)
  File "fish.py", line 59, in result
    return result(aim_new_list,round((first_num+max_each1)/2),min_num1,max_each1)
  File "fish.py", line 59, in result
    return result(aim_new_list,round((first_num+max_each1)/2),min_num1,max_each1)
  [Previous line repeated 3 more times]
  File "fish.py", line 62, in result
    return result(aim_new_list,round((first_num+min_num1)/2),min_num1,max_each1)
  File "fish.py", line 59, in result
    return result(aim_new_list,round((first_num+max_each1)/2),min_num1,max_each1)
  File "fish.py", line 59, in result
    return result(aim_new_list,round((first_num+max_each1)/2),min_num1,max_each1)
  File "fish.py", line 62, in result
    return result(aim_new_list,round((first_num+min_num1)/2),min_num1,max_each1)
  File "fish.py", line 59, in result
    return result(aim_new_list,round((first_num+max_each1)/2),min_num1,max_each1)
  File "fish.py", line 62, in result
    return result(aim_new_list,round((first_num+min_num1)/2),min_num1,max_each1)
  File "fish.py", line 62, in result
    return result(aim_new_list,round((first_num+min_num1)/2),min_num1,max_each1)
  File "fish.py", line 59, in result
    return result(aim_new_list,round((first_num+max_each1)/2),min_num1,max_each1)
  File "fish.py", line 59, in result
    return result(aim_new_list,round((first_num+max_each1)/2),min_num1,max_each1)
  File "fish.py", line 59, in result
    return result(aim_new_list,round((first_num+max_each1)/2),min_num1,max_each1)
  [Previous line repeated 975 more times]
  File "fish.py", line 37, in result
    aim_new_list = deepcopy(aim_list)
  File "/Library/Frameworks/Python.framework/Versions/3.6/lib/python3.6/copy.py", line 150, in deepcopy
    y = copier(x, memo)
  File "/Library/Frameworks/Python.framework/Versions/3.6/lib/python3.6/copy.py", line 215, in _deepcopy_list
    append(deepcopy(a, memo))
  File "/Library/Frameworks/Python.framework/Versions/3.6/lib/python3.6/copy.py", line 150, in deepcopy
    y = copier(x, memo)
  File "/Library/Frameworks/Python.framework/Versions/3.6/lib/python3.6/copy.py", line 215, in _deepcopy_list
    append(deepcopy(a, memo))
  File "/Library/Frameworks/Python.framework/Versions/3.6/lib/python3.6/copy.py", line 146, in deepcopy
    cls = type(x)
RecursionError: maximum recursion depth exceeded while calling a Python object
TEST 9 END

TEST 10 BEGIN
$ echo coast_10.txt | python3 fish.py
Which data file do you want to use? coast_10.txt
Traceback (most recent call last):
  File "fish.py", line 64, in <module>
    max_quanti = result(aim_list,first_num,min_num,max_each)
  File "fish.py", line 59, in result
    return result(aim_new_list,round((first_num+max_each1)/2),min_num1,max_each1)
  File "fish.py", line 59, in result
    return result(aim_new_list,round((first_num+max_each1)/2),min_num1,max_each1)
  File "fish.py", line 59, in result
    return result(aim_new_list,round((first_num+max_each1)/2),min_num1,max_each1)
  [Previous line repeated 3 more times]
  File "fish.py", line 62, in result
    return result(aim_new_list,round((first_num+min_num1)/2),min_num1,max_each1)
  File "fish.py", line 59, in result
    return result(aim_new_list,round((first_num+max_each1)/2),min_num1,max_each1)
  File "fish.py", line 59, in result
    return result(aim_new_list,round((first_num+max_each1)/2),min_num1,max_each1)
  File "fish.py", line 62, in result
    return result(aim_new_list,round((first_num+min_num1)/2),min_num1,max_each1)
  File "fish.py", line 62, in result
    return result(aim_new_list,round((first_num+min_num1)/2),min_num1,max_each1)
  File "fish.py", line 59, in result
    return result(aim_new_list,round((first_num+max_each1)/2),min_num1,max_each1)
  File "fish.py", line 62, in result
    return result(aim_new_list,round((first_num+min_num1)/2),min_num1,max_each1)
  File "fish.py", line 62, in result
    return result(aim_new_list,round((first_num+min_num1)/2),min_num1,max_each1)
  File "fish.py", line 62, in result
    return result(aim_new_list,round((first_num+min_num1)/2),min_num1,max_each1)
  File "fish.py", line 59, in result
    return result(aim_new_list,round((first_num+max_each1)/2),min_num1,max_each1)
  File "fish.py", line 59, in result
    return result(aim_new_list,round((first_num+max_each1)/2),min_num1,max_each1)
  File "fish.py", line 59, in result
    return result(aim_new_list,round((first_num+max_each1)/2),min_num1,max_each1)
  [Previous line repeated 972 more times]
  File "fish.py", line 37, in result
    aim_new_list = deepcopy(aim_list)
  File "/Library/Frameworks/Python.framework/Versions/3.6/lib/python3.6/copy.py", line 150, in deepcopy
    y = copier(x, memo)
  File "/Library/Frameworks/Python.framework/Versions/3.6/lib/python3.6/copy.py", line 215, in _deepcopy_list
    append(deepcopy(a, memo))
  File "/Library/Frameworks/Python.framework/Versions/3.6/lib/python3.6/copy.py", line 150, in deepcopy
    y = copier(x, memo)
  File "/Library/Frameworks/Python.framework/Versions/3.6/lib/python3.6/copy.py", line 215, in _deepcopy_list
    append(deepcopy(a, memo))
  File "/Library/Frameworks/Python.framework/Versions/3.6/lib/python3.6/copy.py", line 146, in deepcopy
    cls = type(x)
RecursionError: maximum recursion depth exceeded while calling a Python object
TEST 10 END

TEST 11 BEGIN
$ echo coast_11.txt | python3 fish.py
Which data file do you want to use? coast_11.txt
Traceback (most recent call last):
  File "fish.py", line 64, in <module>
    max_quanti = result(aim_list,first_num,min_num,max_each)
  File "fish.py", line 59, in result
    return result(aim_new_list,round((first_num+max_each1)/2),min_num1,max_each1)
  File "fish.py", line 59, in result
    return result(aim_new_list,round((first_num+max_each1)/2),min_num1,max_each1)
  File "fish.py", line 59, in result
    return result(aim_new_list,round((first_num+max_each1)/2),min_num1,max_each1)
  File "fish.py", line 62, in result
    return result(aim_new_list,round((first_num+min_num1)/2),min_num1,max_each1)
  File "fish.py", line 62, in result
    return result(aim_new_list,round((first_num+min_num1)/2),min_num1,max_each1)
  File "fish.py", line 59, in result
    return result(aim_new_list,round((first_num+max_each1)/2),min_num1,max_each1)
  File "fish.py", line 59, in result
    return result(aim_new_list,round((first_num+max_each1)/2),min_num1,max_each1)
  File "fish.py", line 59, in result
    return result(aim_new_list,round((first_num+max_each1)/2),min_num1,max_each1)
  [Previous line repeated 983 more times]
  File "fish.py", line 37, in result
    aim_new_list = deepcopy(aim_list)
  File "/Library/Frameworks/Python.framework/Versions/3.6/lib/python3.6/copy.py", line 150, in deepcopy
    y = copier(x, memo)
  File "/Library/Frameworks/Python.framework/Versions/3.6/lib/python3.6/copy.py", line 215, in _deepcopy_list
    append(deepcopy(a, memo))
  File "/Library/Frameworks/Python.framework/Versions/3.6/lib/python3.6/copy.py", line 150, in deepcopy
    y = copier(x, memo)
  File "/Library/Frameworks/Python.framework/Versions/3.6/lib/python3.6/copy.py", line 215, in _deepcopy_list
    append(deepcopy(a, memo))
  File "/Library/Frameworks/Python.framework/Versions/3.6/lib/python3.6/copy.py", line 146, in deepcopy
    cls = type(x)
RecursionError: maximum recursion depth exceeded while calling a Python object
TEST 11 END

TEST 12 BEGIN
$ echo coast_12.txt | python3 fish.py
Max running time exceeded, program killed
TEST 12 END

TEST 13 BEGIN
$ echo coast_13.txt | python3 fish.py
Max running time exceeded, program killed
TEST 13 END

